Microsoft (R) Macro Assembler Version 5.10                  6/8/15 23:51:01

                                                             Page     1-1


       1 = 3FD6				CNT3 EQU 3FD6H
       2 = 3FD2				BPORT3 EQU 3FD2H
       3 0000				CODE SEGMENT
       4				ASSUME CS: CODE, DS: CODE
       5 0000  B0 80			MOV AL, 10000000b
       6 0002  BA 3FD6			MOV DX, CNT3
       7 0005  EE			OUT DX, AL
       8 0006  B0 F0			MOV AL, 00F0H
       9 0008  BA 3FD2			L1: MOV DX, BPORT3
      10 000B  EE			OUT DX, AL
      11 000C  B9 8000			MOV CX, 8000H
      12 000F  E2 FE			LOOP $
      13 0011  F6 D0			NOT AL
      14 0013  EB F3			JMP L1
      15 0015  F4			HLT
      16 0016				CODE ENDS
      17				END
Microsoft (R) Macro Assembler Version 5.10                  6/8/15 23:51:01

                                                             Symbols-1


Segments and Groups:

                N a m e         	Length	 Align	Combine Class

CODE . . . . . . . . . . . . . .  	0016	PARA	NONE	

Symbols:            

                N a m e         	Type	 Value	 Attr

BPORT3 . . . . . . . . . . . . .  	NUMBER	3FD2	

CNT3 . . . . . . . . . . . . . .  	NUMBER	3FD6	

L1 . . . . . . . . . . . . . . .  	L NEAR	0008	CODE

@CPU . . . . . . . . . . . . . .  	TEXT  0101h		
@FILENAME  . . . . . . . . . . .  	TEXT  l4c2		
@VERSION . . . . . . . . . . . .  	TEXT  510		


     17 Source  Lines
     17 Total   Lines
      9 Symbols

  46714 + 447570 Bytes symbol space free

      0 Warning Errors
      0 Severe  Errors
